
> fhe-casino@ test D:\FHE
> hardhat test


Γ£ô cofhe-hardhat-plugin :: deploy mocks

Nothing to compile
No need to generate any newer typings.

  Γ£ô Mock contracts compiled
  Γ£ô MockTaskManager deployed             0xeA30c4B8b44078Bbf8a6ef5b9f1eC1626C7848D9
  Γ£ô MockACL deployed                     0xe7f1725E7734CE288F8367e1Bb143E90bb3F0512
    Γ£ô ACL address set in TaskManager
  Γ£ô ZkVerifier signer (0x6E12D8C87503D4287c294f2Fdef96ACd9DFf6bd2) funded
    Γ£ô ETH balance: 10000000000000000000
corepack : [31mAn 
unexpected error 
occurred:[39m
At line:1 char:1
+ corepack pnpm test > 
D:\FHE\test-output.txt 
2>&1
+ ~~~~~~~~~~~~~~~~~~~~~
~~~~~~~~~~~~~~~~~~~~~~~
~~~~
    + CategoryInfo     
         : NotSpecifi  
  ed: ([31mAn unexp   
 ected error occurr    
ed:[39m:String) [    
], RemoteException
    + FullyQualifiedEr 
   rorId : NativeComm  
  andError
 

Error: could not 
decode result data 
(value="0x", info={ 
"method": "exists", 
"signature": 
"exists()" }, 
code=BAD_DATA, 
version=6.16.0)
    at makeError (D:\FH
E\node_modules\.pnpm\et
hers@6.16.0_bufferutil@
4.1.0_utf-8-validate@5.
0.10\node_modules\ether
s\src.ts\utils\errors.t
s:698:21)
    at assert (D:\FHE\n
ode_modules\.pnpm\ether
s@6.16.0_bufferutil@4.1
.0_utf-8-validate@5.0.1
0\node_modules\ethers\s
rc.ts\utils\errors.ts:7
19:25)
    at Interface.decode
FunctionResult (D:\FHE\
node_modules\.pnpm\ethe
rs@6.16.0_bufferutil@4.
1.0_utf-8-validate@5.0.
10\node_modules\ethers\
src.ts\abi\interface.ts
:916:15)
    at 
staticCallResult (D:\FH
E\node_modules\.pnpm\et
hers@6.16.0_bufferutil@
4.1.0_utf-8-validate@5.
0.10\node_modules\ether
s\src.ts\contract\contr
act.ts:346:35)
    at async 
staticCall (D:\FHE\node
_modules\.pnpm\ethers@6
.16.0_bufferutil@4.1.0_
utf-8-validate@5.0.10\n
ode_modules\ethers\src.
ts\contract\contract.ts
:303:24)
    at async 
Proxy.exists (D:\FHE\no
de_modules\.pnpm\ethers
@6.16.0_bufferutil@4.1.
0_utf-8-validate@5.0.10
\node_modules\ethers\sr
c.ts\contract\contract.
ts:351:41)
    at async 
deployMockZkVerifier (D
:\FHE\node_modules\.pnp
m\cofhe-hardhat-plugin@
0.3.1__e015e2f8cb533567
5d1fb26617648152\node_m
odules\cofhe-hardhat-pl
ugin\src\deploy-mocks.t
s:83:28)
    at async 
deployMocks (D:\FHE\nod
e_modules\.pnpm\cofhe-h
ardhat-plugin@0.3.1__e0
15e2f8cb5335675d1fb2661
7648152\node_modules\co
fhe-hardhat-plugin\src\
deploy-mocks.ts:223:22)
    at async Overridden
TaskDefinition._action 
(D:\FHE\node_modules\.p
npm\cofhe-hardhat-plugi
n@0.3.1__e015e2f8cb5335
675d1fb26617648152\node
_modules\cofhe-hardhat-
plugin\src\index.ts:173
:5)
    at async Environmen
t._runTaskDefinition (D
:\FHE\node_modules\.pnp
m\hardhat@2.28.6_buffer
util@4_c798c0762e87479c
e561fc468052e864\node_m
odules\hardhat\src\inte
rnal\core\runtime-envir
onment.ts:351:14) {
  code: 'BAD_DATA',
  value: '0x',
  info: { method: 
'exists', signature: 
'exists()' },
  shortMessage: 'could 
not decode result data'
}
ΓÇëELIFECYCLEΓÇë Test failed. See above for more details.
